// Jest Snapshot v1, https://goo.gl/fbAQLP

exports[`ListItem snapshot test 1`] = `"<div>titleDONE<div>DELETE TASK </div></div>"`;
